#mpa_v30_CHOCOPhlAn_201901
clade_name	NCBI_tax_id	file5_all	file4_all	file3_all	file2_all	file1_all
UNKNOWN	-1	0.0	0	0.0	0	0
s__Acetatifactor_muris	879566	0.00144	0.0197	0	0	0
s__Acutalibacter_muris	1796620	0	0	0	0.00233	0
s__Adlercreutzia_equolifaciens	446660	0.03045	0.0368	0	0.25416	0.09931
s__Akkermansia_muciniphila	239935	8.467360000000001	20.74626	2.4147	0.36312	41.35034
s__Anaerotruncus_sp_G3_2012	1235835	0.39752	1.76499	0	0.09435	0.37482
s__Asaccharobacter_celatus	394340	0.03342	0.04995	0	0.24645	0.10815999999999999
s__Bacteroides_thetaiotaomicron	818	3.06632	6.52522	0.66414	1.17974	11.41255
s__Clostridium_cocleatum	69824	0.0256	0.12668	0.17631	0.09987	0.10887999999999999
s__Clostridium_sp_ASF502	97139	0.03367	0.14387	0	0	0.00288
s__Dorea_sp_5_2	1235798	0.02194	0.1354	0	0.06779	1.08988
s__Dubosiella_newyorkensis	1862672	66.55537	30.39278	59.25161	0.01266	0.04677
s__Enterococcus_faecalis	1351	0.08777	0.24781999999999998	0.50229	1.32587	0.51152
s__Enterorhabdus_caecimuris	671266	0.01176	0.01844	0	0.029089999999999998	0.010620000000000001
s__Firmicutes_bacterium_ASF500	1378168	0.0032700000000000003	0.007390000000000001	0	0	0.0023
s__Lachnospiraceae_bacterium_28_4	397287	0.42725	4.58317	3.3332900000000003	1.15988	12.85812
s__Lachnospiraceae_bacterium_A2	397290	0	0	2.14738	0.00745	0.018619999999999998
s__Lachnospiraceae_bacterium_A4	397291	4.07313	5.32664	0	0.41781999999999997	0
s__Lachnospiraceae_bacterium_COE1	1235793	0.70194	0.1248	0	0	0
s__Lachnospiraceae_bacterium_M18_1	1235792	0.03404	0.27005999999999997	0.0009400000000000001	0.04082	0.5079
s__Lactobacillus_johnsonii	33959	2.23444	0.16442	0.014169999999999999	3.82787	0.0521
s__Lactococcus_lactis	1358	13.781020000000002	29.24383	31.089259999999996	90.4439	28.94541
s__Oscillibacter_sp_1_3	1235797	0.0123	0	0	0	0
s__Parasutterella_excrementihominis	487175	0	0.01235	0	0.11445	2.38309
s__Proteobacteria_bacterium_CAG_139	1262986	0	0	0	0	0.04483
s__Ruthenibacterium_lactatiformans	1550024	0	0	0.11753	0	0
s__Staphylococcus_xylosus	1288	0	0	0	0.013219999999999999	0
s__Streptococcus_thermophilus	1308	0	0.05944	0.055060000000000005	0.29918	0.07191
s__Terrisporobacter_othiniensis	1577792	0	0	0.23331999999999997	0	0
